================================================================
== Design Size Report
================================================================

* Total Instructions per Compilation Phase
+---------------+-----------------------------+--------------+----------------------------------------------------------------------------------------+
| Phase         | Step                        | Instructions | Description                                                                            |
+---------------+-----------------------------+--------------+----------------------------------------------------------------------------------------+
| Compile/Link  |                             | 4,068        | After all functions are compiled and linked into a single design                       |
|               |                             |              |                                                                                        |
| Unroll/Inline |                             |              | After user unroll and inline pragmas are applied                                       |
|               | (1) unroll                  | 1,389        | user unroll pragmas are applied                                                        |
|               | (2) simplification          |   920        | simplification of applied user unroll pragmas                                          |
|               | (3) inline                  |   648        | user inline pragmas are applied                                                        |
|               | (4) simplification          |   625        | simplification of applied user inline pragmas                                          |
|               |                             |              |                                                                                        |
| Array/Struct  |                             |              | After user array partition and struct aggregate/disaggregate pragmas are applied       |
|               | (1) array partition         |   627        | user array partition pragmas are applied                                               |
|               | (2) simplification          |   633        | simplification of applied user array partition & struct aggregate/disaggregate pragmas |
|               | (3) aggregate/disaggregate  |   753        | user struct aggregate/disaggregate pragmas are applied                                 |
|               | (4) array reshape           |   707        | apply array reshape pragmas                                                            |
|               | (5) access patterns         |   700        | array access pattern optmizations                                                      |
|               |                             |              |                                                                                        |
| Performance   |                             |              | After transformations are applied to meet performance pragma targets                   |
|               | (1) loop simplification     |   630        | loop and instruction simplification                                                    |
|               | (2) parallelization         |   628        | loops are unrolled or pipelined to meet performance targets                            |
|               | (3) array partition         |   628        | arrays are partitioned to meet performance targets                                     |
|               | (4) simplification          |   628        | simplification of design after performance transformations                             |
|               |                             |              |                                                                                        |
| HW Transforms |                             |              | After hardware transfomations                                                          |
|               | (1) lowering                |   642        | initial conversion to HW specific instructions                                         |
|               | (2) optimizations           |   734        | high level synthesis optimizations                                                     |
+---------------+-----------------------------+--------------+----------------------------------------------------------------------------------------+

* Instructions per Function for each Compilation Phase
+-----------------------------+----------------+-----------------+---------------+---------------+---------------+---------------+
| Function                    | Location       | Compile/Link    | Unroll/Inline | Array/Struct  | Performance   | HW Transforms |
+-----------------------------+----------------+-----------------+---------------+---------------+---------------+---------------+
| + gps_translation           | parser.cpp:113 | 4,068           | 625           | 700           | 628           | 734           |
|    hls_strncmp              | parser.cpp:21  |   62            |               |               |               |               |
|    gnss_data_t              | parser.h:9     |  141            |               |               |               |               |
|    hls_get_field_from_nmea  | parser.cpp:43  |   70 (2 calls)  |  36 (2 calls) |  38 (2 calls) |  34 (2 calls) |  48 (2 calls) |
|    hls_atoi_w_len           | parser.cpp:3   |  258 (6 calls)  | 156 (6 calls) | 168 (6 calls) | 156 (6 calls) | 180 (6 calls) |
|  + hls_get_coordinate       | parser.cpp:62  | 1,014 (2 calls) | 268 (2 calls) | 284 (2 calls) | 264 (2 calls) | 320 (2 calls) |
|     hls_get_field_from_nmea | parser.cpp:43  |  280 (8 calls)  |  72 (4 calls) |  76 (4 calls) |  68 (4 calls) |  96 (4 calls) |
|     hls_atoi_w_len          | parser.cpp:3   |  516 (12 calls) | 156 (6 calls) | 168 (6 calls) | 156 (6 calls) | 180 (6 calls) |
|    hls_days_from_civil      | parser.cpp:33  | 1,434           |               |               |               |               |
+-----------------------------+----------------+-----------------+---------------+---------------+---------------+---------------+

* Design Size Message Settings
+---------------------------------------------+--------+------------------------------------------------------------------+
| Message Setting                             | Value  | Description                                                      |
+---------------------------------------------+--------+------------------------------------------------------------------+
| config_compile -design_size_maximum_warning | 100000 | Show a warning when total design instructions exceeds this value |
+---------------------------------------------+--------+------------------------------------------------------------------+


